0001=STEREO (cyclic)
0010=STANDARD (cyclic)
0009=STEREO (direct set)
0011=(2ch source)
0013=PRO LOGIC2 MOVIE
0018=PRO LOGIC2x MOVIE
0014=PRO LOGIC2 MUSIC
0019=PRO LOGIC2x MUSIC
0015=PRO LOGIC2 GAME
0020=PRO LOGIC2x GAME
0031=PRO LOGIC2z HEIGHT
0032=WIDE SURROUND MOVIE
0033=WIDE SURROUND MUSIC
0012=PRO LOGIC
0016=Neo:6 CINEMA
0017=Neo:6 MUSIC
0037=Neo:X CINEMA
0038=Neo:X MUSIC
0039=Neo:X GAME
0040=Dolby Surround
0041=EXTENDED STEREO
0021=(Multi ch source) Channel base straight decode
0022=(Multi ch source)+DOLBY EX
0023=(Multi ch source)+PRO LOGIC2x MOVIE
0024=(Multi ch source)+PRO LOGIC2x MUSIC
0034=(Multi-ch Source)+PRO LOGIC2z HEIGHT
0035=(Multi-ch Source)+WIDE SURROUND MOVIE
0036=(Multi-ch Source)+WIDE SURROUND MUSIC
0025=(Multi ch source)DTS-ES Neo:6
0026=(Multi ch source)DTS-ES matrix
0027=(Multi ch source)DTS-ES discrete
0030=(Multi ch source)DTS-ES 8ch discrete
0043=(Multi ch source)+Neo:X CINEMA
0044=(Multi ch source)+Neo:X MUSIC
0045=(Multi ch source)+Neo:X GAME
0050=(Multi ch source)+Dolby Surround
0100=ADVANCED SURROUND (cyclic)
0101=ACTION
0103=DRAMA
0118=ADVANCED GAME
0117=SPORTS
0107=CLASSICAL
0110=ROCK/POP
0003=Front Stage Surround Advance
0200=ECO MODE (cyclic)
0212=ECO MODE 1
0213=ECO MODE 2
0153=RETRIEVER AIR
0113=PHONES SURROUND
0005=AUTO SURR/STREAM DIRECT (cyclic)
0006=AUTO SURROUND
0151=Auto Level Control (A.L.C.)
0007=DIRECT
0008=PURE DIRECT
0152=OPTIMUM SURROUND
NULL=keine Daten
UNDEF=keine Daten
-=keine Daten
\ -=keine Daten

